[18:11:05] [main/INFO] (Entrypoint) JVM Uptime at startup: 3021ms
[18:11:05] [main/INFO] (FMLLoader) Starting FancyModLoader version 11.0.3 (CLIENT in DEV)
[18:11:05] [main/INFO] (FMLLoader) Game directory: C:\Users\Ray\Documents\MC Mod Development\Optimized Fullbright\Source\optimized_fullbright-1.20.4-fabric-neoforge-forge-template\neoforge\run
[18:11:05] [main/WARN] (FMLConfig) Configuration file C:\Users\Ray\Documents\MC Mod Development\Optimized Fullbright\Source\optimized_fullbright-1.20.4-fabric-neoforge-forge-template\neoforge\run\config\fml.toml is not correct. Correcting
[18:11:05] [main/INFO] (EarlyServiceDiscovery) Found 2 early service jars (out of 115) in 25ms
[18:11:05] [main/INFO] (FMLLoader) Loading FML Early Services:
[18:11:05] [main/INFO] (FMLLoader)  - C:/Users/Ray/.gradle/caches/modules-2/files-2.1/net.neoforged.fancymodloader/earlydisplay/11.0.3/8c620a52ec9cd3296b13a453d6229ac2617a9a5e/earlydisplay-11.0.3.jar
[18:11:05] [main/INFO] (FMLLoader)  - C:/Users/Ray/.gradle/caches/modules-2/files-2.1/net.neoforged.fancymodloader/loader/11.0.3/3f76babf6fa2bbeb3c8390ce0aad2f44f53cbe47/loader-11.0.3.jar
[18:11:05] [main/INFO] (ImmediateWindowHandler) Loading ImmediateWindowProvider fmlearlywindow
[18:11:06] [ForkJoinPool.commonPool-worker-10/INFO] (GameLocator) Detected a joined NeoForge and Minecraft configuration. Applying filtering...
[18:11:06] [ForkJoinPool.commonPool-worker-10/INFO] (ModDiscoverer) Found mod file "neoforge-26.1.0.1-beta-minecraft-merged-deobf-26.1.jar" [locator: game locator]
[18:11:06] [fml-loadingscreen/INFO] (LoadingScreenRenderer) GL info: NVIDIA GeForce RTX 2060/PCIe/SSE2 GL version 3.3.0 NVIDIA 591.74, NVIDIA Corporation
[18:11:06] [ForkJoinPool.commonPool-worker-10/INFO] (ModDiscoverer) Found mod file "forge-universal.jar" [locator: game locator]
[18:11:06] [ForkJoinPool.commonPool-worker-10/INFO] (InDevFolderLocator) Got mod coordinates main%%C:\Users\Ray\Documents\MC Mod Development\Optimized Fullbright\Source\optimized_fullbright-1.20.4-fabric-neoforge-forge-template\neoforge\build\resources\main;main%%C:\Users\Ray\Documents\MC Mod Development\Optimized Fullbright\Source\optimized_fullbright-1.20.4-fabric-neoforge-forge-template\neoforge\build\classes\java\main;main%%C:\Users\Ray\Documents\MC Mod Development\Optimized Fullbright\Source\optimized_fullbright-1.20.4-fabric-neoforge-forge-template\neoforge\out\production\classes;main%%C:\Users\Ray\Documents\MC Mod Development\Optimized Fullbright\Source\optimized_fullbright-1.20.4-fabric-neoforge-forge-template\neoforge\out\production\resources from env
[18:11:06] [ForkJoinPool.commonPool-worker-10/INFO] (ModDiscoverer) Found mod file "main" [locator: indevfolder, reader: mod manifest]
[18:11:06] [ForkJoinPool.commonPool-worker-10/INFO] (ModDiscoverer) Found mod file "4171952042359499457.jar" [locator: indevjar, reader: mod manifest]
[18:11:06] [ForkJoinPool.commonPool-worker-10/INFO] (ModDiscoverer) Found gamelibrary file "mixinextras-neoforge-0.5.3.jar" [locator: indevjar, reader: mod manifest]
[18:11:06] [ForkJoinPool.commonPool-worker-10/WARN] (JarSelector) Attempted to select a dependency jar for JarJar which was passed in as source: library:mixinextras.neoforge. Using jar(C:/Users/Ray/.gradle/caches/modules-2/files-2.1/io.github.llamalad7/mixinextras-neoforge/0.5.3/a0919957808de97707c5fb4ce073e66aeef3e187/mixinextras-neoforge-0.5.3.jar)
[18:11:06] [ForkJoinPool.commonPool-worker-10/INFO] (JarInJarDependencyLocator) Found 1 dependencies adding them to mods collection
[18:11:06] [ForkJoinPool.commonPool-worker-10/INFO] (ModDiscoverer) Found library file "net.neoforged.neoforge-coremods-26.1.0.1-beta.jar" [parent: forge-universal.jar, locator: jarinjar, reader: mod manifest]
[18:11:06] [ForkJoinPool.commonPool-worker-10/INFO] (ModDiscoverer) 
     Mod List:
		Name Version (Mod Id)

		generated_481b0c3 1 (generated_481b0c3)
		Minecraft 26.1 (minecraft)
		NeoForge 26.1.0.1-beta (neoforge)
		Optimized Fullbright 1.3.0 (optimized_fullbright)
[18:11:06] [main/INFO] (mixin) SpongePowered MIXIN Subsystem Version=0.8.7 Source=file:/C:/Users/Ray/.gradle/caches/modules-2/files-2.1/net.fabricmc/sponge-mixin/0.16.5+mixin.0.8.7/80fc3a9f592673cea87f4cd702f87991c6c9fe4d/sponge-mixin-0.16.5+mixin.0.8.7.jar Service=FML Env=CLIENT
[18:11:06] [main/INFO] (FMLLoader) Loading FML Plugins:
[18:11:06] [main/INFO] (FMLLoader)  - C:/Users/Ray/.gradle/caches/fabric-loom/26.1/neoforge/26.1.0.1-beta/forge-universal.jar > net.neoforged.neoforge-coremods-26.1.0.1-beta.jar
[18:11:06] [main/INFO] (FMLLoader) Building game content classloader:
 - generated_481b0c3 (jar(C:/Users/Ray/AppData/Local/Temp/4171952042359499457.jar))
 - minecraft (composite(filtered(jar(C:/Users/Ray/.gradle/caches/fabric-loom/minecraftMaven/net/minecraft/neoforge-26.1.0.1-beta-minecraft-merged-deobf/26.1/neoforge-26.1.0.1-beta-minecraft-merged-deobf-26.1.jar)), filtered(jar(C:/Users/Ray/.gradle/caches/fabric-loom/minecraftMaven/net/minecraft/neoforge-26.1.0.1-beta-minecraft-merged-deobf/26.1/neoforge-26.1.0.1-beta-minecraft-merged-deobf-26.1.jar))))
 - mixinextras.neoforge (jar(C:/Users/Ray/.gradle/caches/modules-2/files-2.1/io.github.llamalad7/mixinextras-neoforge/0.5.3/a0919957808de97707c5fb4ce073e66aeef3e187/mixinextras-neoforge-0.5.3.jar))
 - neoforge (composite(filtered(jar(C:/Users/Ray/.gradle/caches/fabric-loom/26.1/neoforge/26.1.0.1-beta/forge-universal.jar))))
 - net.neoforged.fml.generated (empty(VirtualJar/net.neoforged.fml.generated))
 - optimized_fullbright (composite(folder(C:/Users/Ray/Documents/MC Mod Development/Optimized Fullbright/Source/optimized_fullbright-1.20.4-fabric-neoforge-forge-template/neoforge/build/resources/main), folder(C:/Users/Ray/Documents/MC Mod Development/Optimized Fullbright/Source/optimized_fullbright-1.20.4-fabric-neoforge-forge-template/neoforge/build/classes/java/main)))
[18:11:06] [main/INFO] (FMLLoader) Built game content classloader in 24ms
[18:11:06] [main/WARN] (MixinFacade) Mod file composite(folder(C:/Users/Ray/Documents/MC Mod Development/Optimized Fullbright/Source/optimized_fullbright-1.20.4-fabric-neoforge-forge-template/neoforge/build/resources/main), folder(C:/Users/Ray/Documents/MC Mod Development/Optimized Fullbright/Source/optimized_fullbright-1.20.4-fabric-neoforge-forge-template/neoforge/build/classes/java/main)) declares mixin config optimized_fullbright.mixins.json, but it actually comes from jar(C:/Users/Ray/AppData/Local/Temp/4171952042359499457.jar)
[18:11:07] [main/INFO] (MixinExtras|Service) Initializing MixinExtras via com.llamalad7.mixinextras.service.MixinExtrasServiceImpl(version=0.5.3).
[18:11:08] [Datafixer Bootstrap/INFO] (Minecraft) 294 Datafixer optimizations took 365 milliseconds
[18:11:08] [main/WARN] (PerfmonDisabled) Invalid registry value type detected for PerfOS counters. Should be REG_DWORD. Ignoring: HKEY_LOCAL_MACHINE\SYSTEM\CurrentControlSet\Services\PerfOS\Performance\Disable Performance Counters.
[18:11:13] [main/WARN] (Minecraft) Ambiguity between arguments [teleport, location] and [teleport, destination] with inputs: [0.1 -0.5 .9, 0 0 0]
[18:11:13] [main/WARN] (Minecraft) Ambiguity between arguments [teleport, location] and [teleport, targets] with inputs: [0.1 -0.5 .9, 0 0 0]
[18:11:13] [main/WARN] (Minecraft) Ambiguity between arguments [teleport, destination] and [teleport, targets] with inputs: [Player, 0123, @e, dd12be42-52a9-4a91-a8a1-11c01849e498]
[18:11:13] [main/WARN] (Minecraft) Ambiguity between arguments [teleport, targets] and [teleport, destination] with inputs: [Player, 0123, dd12be42-52a9-4a91-a8a1-11c01849e498]
[18:11:13] [main/WARN] (Minecraft) Ambiguity between arguments [teleport, targets, location] and [teleport, targets, destination] with inputs: [0.1 -0.5 .9, 0 0 0]
[18:11:13] [main/WARN] (Minecraft) Ambiguity between arguments [time, set, time] and [time, set, timemarker] with inputs: [0, 0s, 0d, 0t]
[18:11:13] [main/WARN] (Minecraft) Ambiguity between arguments [time, set, timemarker] and [time, set, time] with inputs: [012]
[18:11:13] [main/WARN] (Minecraft) Ambiguity between arguments [time, of, clock, set, time] and [time, of, clock, set, timemarker] with inputs: [0, 0s, 0d, 0t]
[18:11:13] [main/WARN] (Minecraft) Ambiguity between arguments [time, of, clock, set, timemarker] and [time, of, clock, set, time] with inputs: [012]
[18:11:13] [main/WARN] (Minecraft) Ambiguity between arguments [waypoint, modify, waypoint, color, reset] and [waypoint, modify, waypoint, color, color] with inputs: [reset]
[18:11:13] [modloading-worker-0/INFO] (NeoForgeMod) NeoForge mod loading, version 26.1.0.1-beta, for MC 26.1
[18:11:14] [Render thread/INFO] (Minecraft) Environment: Environment[sessionHost=https://sessionserver.mojang.com, servicesHost=https://api.minecraftservices.com, profilesHost=https://api.mojang.com, name=PROD]
[18:11:14] [Render thread/INFO] (Minecraft) Setting user: Dev
[18:11:14] [Render thread/INFO] (Minecraft) Backend library: LWJGL version 3.4.1+2
[18:11:15] [Render thread/INFO] (Minecraft) Using optional rendering extensions: GL_ARB_buffer_storage, GL_KHR_debug, GL_ARB_vertex_attrib_binding, GL_ARB_direct_state_access, GL_EXT_texture_filter_anisotropic
[18:11:16] [Render thread/INFO] (Minecraft) Reloading ResourceManager: vanilla, mod_resources, mod/generated_481b0c3, mod/optimized_fullbright, mod/neoforge
[18:11:16] [resourceLoad/INFO] (Minecraft) Found unifont_pua-17.0.01.hex, loading
[18:11:16] [resourceLoad/INFO] (Minecraft) Found unifont_jp_patch-17.0.01.hex, loading
[18:11:16] [resourceLoad/INFO] (Minecraft) Found unifont_all_no_pua-17.0.01.hex, loading
[18:11:17] [Render thread/WARN] (Minecraft) neoforge:pipeline/item_translucent_unlit shader program does not use sampler Sampler2 defined in the pipeline. This might be a bug.
[18:11:17] [Render thread/WARN] (Minecraft) neoforge:pipeline/item_cutout_unlit shader program does not use sampler Sampler2 defined in the pipeline. This might be a bug.
[18:11:17] [Render thread/INFO] (Minecraft) OpenAL initialized on device OpenAL Soft on Headphones (Baseus Bass BP1 Pro Stereo)
[18:11:17] [Render thread/INFO] (Minecraft) Sound engine started
[18:11:17] [Render thread/INFO] (Minecraft) Created: 512x256x0 minecraft:textures/atlas/particles.png-atlas
[18:11:17] [Render thread/INFO] (Minecraft) Created: 128x128x0 minecraft:textures/atlas/decorated_pot.png-atlas
[18:11:17] [Render thread/INFO] (Minecraft) Created: 2048x1024x0 minecraft:textures/atlas/armor_trims.png-atlas
[18:11:17] [Render thread/INFO] (Minecraft) Created: 512x256x0 minecraft:textures/atlas/paintings.png-atlas
[18:11:17] [Render thread/INFO] (Minecraft) Created: 1024x512x0 minecraft:textures/atlas/shield_patterns.png-atlas
[18:11:17] [Render thread/INFO] (Minecraft) Created: 2048x2048x4 minecraft:textures/atlas/blocks.png-atlas
[18:11:17] [Render thread/INFO] (Minecraft) Created: 512x512x0 minecraft:textures/atlas/chest.png-atlas
[18:11:17] [Render thread/INFO] (Minecraft) Created: 256x128x0 minecraft:textures/atlas/celestials.png-atlas
[18:11:17] [Render thread/INFO] (Minecraft) Created: 1024x512x0 minecraft:textures/atlas/banner_patterns.png-atlas
[18:11:17] [Render thread/INFO] (Minecraft) Created: 512x512x0 minecraft:textures/atlas/beds.png-atlas
[18:11:17] [Render thread/INFO] (Minecraft) Created: 1024x512x0 minecraft:textures/atlas/items.png-atlas
[18:11:17] [Render thread/INFO] (Minecraft) Created: 1024x1024x0 minecraft:textures/atlas/gui.png-atlas
[18:11:17] [Render thread/INFO] (Minecraft) Created: 128x64x0 minecraft:textures/atlas/map_decorations.png-atlas
[18:11:17] [Render thread/INFO] (Minecraft) Created: 512x256x0 minecraft:textures/atlas/signs.png-atlas
[18:11:17] [Render thread/INFO] (Minecraft) Created: 512x512x0 minecraft:textures/atlas/shulker_boxes.png-atlas
[18:11:17] [Render thread/INFO] (AnimationLoader) Loaded 0 entity animations
[18:11:21] [Render thread/WARN] (CommonHooks) The following mods have version differences that were not resolved:
generated_cd02e6a (version 1 -> MISSING)
neoforge (version 20.4.251 -> 26.1.0.1-beta)
optimizedfullbright (version 1.0.0 -> MISSING)
Things may not work well.
[18:12:05] [Worker-Main-9/INFO] (Minecraft) Starting upgrade for world "New World"
[18:12:05] [Worker-Main-9/INFO] (Minecraft) Upgrading progress: 2%
[18:12:05] [Worker-Main-9/WARN] (Minecraft) Failed to delete directory '/DIM1\data', as it's not empty. Content: [/DIM1\data\neoforge_data_attachments.dat]
[18:12:05] [Worker-Main-9/WARN] (Minecraft) Failed to delete directory '/DIM-1\data', as it's not empty. Content: [/DIM-1\data\neoforge_data_attachments.dat]
[18:12:05] [Worker-Main-9/WARN] (Minecraft) Failed to delete directory '/DIM-1', as it's not empty. Content: [/DIM-1\data]
[18:12:05] [Worker-Main-9/WARN] (Minecraft) Failed to delete directory '/DIM1', as it's not empty. Content: [/DIM1\data]
[18:12:06] [Worker-Main-9/INFO] (Minecraft) File system capabilities: FileSystemCapabilities[atomicMove=true, hardLinks=true]
[18:12:06] [Worker-Main-9/INFO] (Minecraft) Applying file structure changes for world "New World"
[18:12:06] [Worker-Main-9/INFO] (Minecraft) Moving new hardlinked world to top level
[18:12:06] [Worker-Main-9/INFO] (Minecraft) Start cleanup
[18:12:06] [Worker-Main-9/INFO] (Minecraft) Moving out old world folder
[18:12:06] [Worker-Main-9/INFO] (Minecraft) Moving in new world folder
[18:12:06] [Worker-Main-9/INFO] (Minecraft) Done applying file structure changes for world "New World". Cleaning up outdated data...
[18:12:06] [Worker-Main-9/INFO] (Minecraft) Upgrade done for world "New World"
[18:12:10] [Render thread/INFO] (Minecraft) Loaded 1515 recipes
[18:12:10] [Render thread/INFO] (Minecraft) Loaded 1617 advancements
[18:12:10] [Render thread/INFO] (RecipePriorityManager) Loaded 0 recipe priority overrides
[18:12:10] [Server thread/INFO] (Minecraft) Starting integrated minecraft server version 26.1
[18:12:10] [Server thread/INFO] (Minecraft) Generating keypair
[18:12:10] [Server thread/WARN] (ConfigTracker) Configuration file C:\Users\Ray\Documents\MC Mod Development\Optimized Fullbright\Source\optimized_fullbright-1.20.4-fabric-neoforge-forge-template\neoforge\run\config\neoforge-server.toml is not correct. Correcting
[18:12:10] [Server thread/INFO] (Minecraft) Loading 0 persistent chunks...
[18:12:10] [Server thread/INFO] (Minecraft) Preparing spawn area: 16%
[18:12:10] [Server thread/INFO] (Minecraft) Saving chunks for level 'ServerLevel[New World]'/minecraft:overworld
[18:12:11] [Server thread/INFO] (Minecraft) Saving chunks for level 'ServerLevel[New World]'/minecraft:the_end
[18:12:11] [Server thread/INFO] (Minecraft) Saving chunks for level 'ServerLevel[New World]'/minecraft:the_nether
[18:12:11] [Server thread/INFO] (Minecraft) ThreadedAnvilChunkStorage (world): All chunks are saved
[18:12:11] [Server thread/INFO] (Minecraft) ThreadedAnvilChunkStorage (DIM1): All chunks are saved
[18:12:11] [Server thread/INFO] (Minecraft) ThreadedAnvilChunkStorage (DIM-1): All chunks are saved
[18:12:11] [Server thread/INFO] (Minecraft) ThreadedAnvilChunkStorage: All dimensions are saved
[18:12:11] [Server thread/INFO] (PermissionAPI) Successfully initialized permission handler neoforge:default_handler
[18:12:11] [Server thread/INFO] (Minecraft) Loading 49 chunks for player spawn...
[18:12:11] [Server thread/INFO] (Minecraft) Preparing spawn area: 16%
[18:12:11] [Server thread/INFO] (Minecraft) Preparing spawn area: 16%
[18:12:12] [Server thread/INFO] (Minecraft) Preparing spawn area: 16%
[18:12:12] [Server thread/INFO] (Minecraft) Time elapsed: 1720 ms
[18:12:12] [Server thread/INFO] (Minecraft) Dev[local:E:f4db80a4] logged in with entity id 36 at (241.96168678448183, 64.49520087700593, -153.87837157148607)
[18:12:12] [Server thread/INFO] (Minecraft) Dev joined the game
[18:12:13] [Server thread/INFO] (Minecraft) Changing view distance to 12, from 10
[18:12:13] [Server thread/INFO] (Minecraft) Changing simulation distance to 12, from 0
[18:12:13] [Render thread/WARN] (Minecraft) Ignoring chat session from Dev due to missing Services public key
[18:12:13] [Render thread/INFO] (Minecraft) Loaded 4 advancements
[18:12:13] [Render thread/INFO] (Minecraft) Resizing Dynamic Transforms UBO, capacity limit of 2 reached during a single frame. New capacity will be 4.
[18:12:13] [Render thread/INFO] (Minecraft) Resizing Dynamic Transforms UBO, capacity limit of 4 reached during a single frame. New capacity will be 8.
[18:12:13] [Render thread/INFO] (Minecraft) Resizing Chunk Sections UBO, capacity limit of 2 reached during a single frame. New capacity will be 4.
[18:12:13] [Render thread/INFO] (Minecraft) Resizing Chunk Sections UBO, capacity limit of 4 reached during a single frame. New capacity will be 8.
[18:12:13] [Render thread/INFO] (Minecraft) Resizing Chunk Sections UBO, capacity limit of 8 reached during a single frame. New capacity will be 16.
[18:12:13] [Render thread/INFO] (Minecraft) Resizing Chunk Sections UBO, capacity limit of 16 reached during a single frame. New capacity will be 32.
[18:12:13] [Render thread/INFO] (Minecraft) Resizing Chunk Sections UBO, capacity limit of 32 reached during a single frame. New capacity will be 64.
[18:12:14] [Render thread/INFO] (Minecraft) Resizing Chunk Sections UBO, capacity limit of 64 reached during a single frame. New capacity will be 128.
[18:12:15] [Render thread/ERROR] (Minecraft) Error saving option Brightness: Value 1000.0 outside of range [0.0:1.0]
[18:12:15] [Render thread/INFO] (Minecraft) Resizing Chunk Sections UBO, capacity limit of 128 reached during a single frame. New capacity will be 256.
[18:12:17] [Render thread/INFO] (Minecraft) Resizing Chunk Sections UBO, capacity limit of 256 reached during a single frame. New capacity will be 512.
[18:12:18] [Server thread/INFO] (Minecraft) Saving and pausing game...
[18:12:18] [Server thread/INFO] (Minecraft) Saving chunks for level 'ServerLevel[New World]'/minecraft:overworld
[18:12:18] [Server thread/INFO] (Minecraft) Saving chunks for level 'ServerLevel[New World]'/minecraft:the_end
[18:12:18] [Server thread/INFO] (Minecraft) Saving chunks for level 'ServerLevel[New World]'/minecraft:the_nether
[18:12:18] [Server thread/INFO] (Minecraft) Stopping server
[18:12:18] [Server thread/INFO] (Minecraft) Saving players
[18:12:18] [Server thread/INFO] (Minecraft) Dev lost connection: Disconnected
[18:12:18] [Server thread/INFO] (Minecraft) Dev left the game
[18:12:18] [Server thread/INFO] (Minecraft) Stopping singleplayer server as player logged out
[18:12:18] [Server thread/INFO] (Minecraft) Saving worlds
[18:12:18] [Server thread/INFO] (Minecraft) Saving chunks for level 'ServerLevel[New World]'/minecraft:overworld
[18:12:19] [Server thread/INFO] (Minecraft) Saving chunks for level 'ServerLevel[New World]'/minecraft:the_end
[18:12:19] [Server thread/INFO] (Minecraft) Saving chunks for level 'ServerLevel[New World]'/minecraft:the_nether
[18:12:19] [Server thread/INFO] (Minecraft) ThreadedAnvilChunkStorage (world): All chunks are saved
[18:12:19] [Server thread/INFO] (Minecraft) ThreadedAnvilChunkStorage (DIM1): All chunks are saved
[18:12:19] [Server thread/INFO] (Minecraft) ThreadedAnvilChunkStorage (DIM-1): All chunks are saved
[18:12:19] [Server thread/INFO] (Minecraft) ThreadedAnvilChunkStorage: All dimensions are saved
[18:12:21] [Render thread/INFO] (Minecraft) Loaded 1515 recipes
[18:12:21] [Render thread/INFO] (Minecraft) Loaded 1617 advancements
[18:12:21] [Render thread/INFO] (RecipePriorityManager) Loaded 0 recipe priority overrides
[18:12:22] [Server thread/INFO] (Minecraft) Starting integrated minecraft server version 26.1
[18:12:22] [Server thread/INFO] (Minecraft) Generating keypair
[18:12:22] [Server thread/INFO] (Minecraft) Loading 0 persistent chunks...
[18:12:22] [Server thread/INFO] (Minecraft) Saving chunks for level 'ServerLevel[New World]'/minecraft:overworld
[18:12:22] [Server thread/INFO] (Minecraft) Saving chunks for level 'ServerLevel[New World]'/minecraft:the_end
[18:12:22] [Server thread/INFO] (Minecraft) Saving chunks for level 'ServerLevel[New World]'/minecraft:the_nether
[18:12:22] [Server thread/INFO] (Minecraft) ThreadedAnvilChunkStorage (world): All chunks are saved
[18:12:22] [Server thread/INFO] (Minecraft) ThreadedAnvilChunkStorage (DIM1): All chunks are saved
[18:12:22] [Server thread/INFO] (Minecraft) ThreadedAnvilChunkStorage (DIM-1): All chunks are saved
[18:12:22] [Server thread/INFO] (Minecraft) ThreadedAnvilChunkStorage: All dimensions are saved
[18:12:22] [Server thread/INFO] (PermissionAPI) Successfully initialized permission handler neoforge:default_handler
[18:12:22] [Server thread/INFO] (Minecraft) Loading 49 chunks for player spawn...
[18:12:22] [Server thread/INFO] (Minecraft) Preparing spawn area: 16%
[18:12:22] [Server thread/INFO] (Minecraft) Preparing spawn area: 16%
[18:12:23] [Server thread/INFO] (Minecraft) Time elapsed: 936 ms
[18:12:23] [Server thread/INFO] (Minecraft) Dev[local:E:7862a008] logged in with entity id 447 at (244.01682976098516, 65.17675927506424, -149.95913174606383)
[18:12:23] [Server thread/INFO] (Minecraft) Dev joined the game
[18:12:23] [Server thread/INFO] (Minecraft) Changing view distance to 12, from 10
[18:12:23] [Server thread/INFO] (Minecraft) Changing simulation distance to 12, from 0
[18:12:23] [Render thread/WARN] (Minecraft) Ignoring chat session from Dev due to missing Services public key
[18:12:23] [Render thread/INFO] (Minecraft) Loaded 4 advancements
[18:12:29] [Render thread/INFO] (Minecraft) Loaded 5 advancements
[18:12:33] [Server thread/INFO] (Minecraft) Saving and pausing game...
[18:12:33] [Server thread/INFO] (Minecraft) Saving chunks for level 'ServerLevel[New World]'/minecraft:overworld
[18:12:33] [Server thread/INFO] (Minecraft) Saving chunks for level 'ServerLevel[New World]'/minecraft:the_end
[18:12:33] [Server thread/INFO] (Minecraft) Saving chunks for level 'ServerLevel[New World]'/minecraft:the_nether
[18:12:33] [Render thread/INFO] (Minecraft) Resizing Dynamic Transforms UBO, capacity limit of 8 reached during a single frame. New capacity will be 16.
[18:12:37] [Render thread/INFO] (Minecraft) Loaded 6 advancements
[18:12:51] [Server thread/INFO] (Minecraft) [Dev: Set minecraft:overworld to time marker minecraft:night]
[18:12:51] [Render thread/INFO] (Minecraft) [System] [CHAT] Set minecraft:overworld to time marker minecraft:night
[18:13:04] [Server thread/INFO] (Minecraft) [Dev: Gamerule random_tick_speed is now set to: 1000]
[18:13:04] [Render thread/INFO] (Minecraft) [System] [CHAT] Gamerule random_tick_speed is now set to: 1000
[18:13:17] [Server thread/INFO] (Minecraft) [Dev: Gamerule random_tick_speed is now set to: 0]
[18:13:17] [Render thread/INFO] (Minecraft) [System] [CHAT] Gamerule random_tick_speed is now set to: 0
[18:13:32] [Server thread/INFO] (Minecraft) Saving and pausing game...
[18:13:32] [Server thread/INFO] (Minecraft) Saving chunks for level 'ServerLevel[New World]'/minecraft:overworld
[18:13:32] [Server thread/INFO] (Minecraft) Saving chunks for level 'ServerLevel[New World]'/minecraft:the_end
[18:13:32] [Server thread/INFO] (Minecraft) Saving chunks for level 'ServerLevel[New World]'/minecraft:the_nether
[18:13:34] [Render thread/INFO] (Minecraft) Stopping!
[18:13:34] [Server thread/INFO] (Minecraft) Stopping server
[18:13:34] [Server thread/INFO] (Minecraft) Saving players
[18:13:34] [Server thread/INFO] (Minecraft) Dev lost connection: Disconnected
[18:13:34] [Server thread/INFO] (Minecraft) Dev left the game
[18:13:34] [Server thread/INFO] (Minecraft) Stopping singleplayer server as player logged out
[18:13:34] [Server thread/INFO] (Minecraft) Saving worlds
[18:13:35] [Server thread/INFO] (Minecraft) Saving chunks for level 'ServerLevel[New World]'/minecraft:overworld
[18:13:35] [Server thread/INFO] (Minecraft) Saving chunks for level 'ServerLevel[New World]'/minecraft:the_end
[18:13:35] [Server thread/INFO] (Minecraft) Saving chunks for level 'ServerLevel[New World]'/minecraft:the_nether
[18:13:35] [Server thread/INFO] (Minecraft) ThreadedAnvilChunkStorage (world): All chunks are saved
[18:13:35] [Server thread/INFO] (Minecraft) ThreadedAnvilChunkStorage (DIM1): All chunks are saved
[18:13:35] [Server thread/INFO] (Minecraft) ThreadedAnvilChunkStorage (DIM-1): All chunks are saved
[18:13:35] [Server thread/INFO] (Minecraft) ThreadedAnvilChunkStorage: All dimensions are saved
