[Architectury Transformer] Architectury Runtime 5.2.89
[Architectury Transformer DEBUG] Closed File Systems for C:\Users\Ray\Documents\MC Mod Development\Optimized Fullbright\Source\optimized_fullbright-1.20.4-fabric-neoforge-forge-template\common\build\libs\optimized_fullbright-common-1.3.0-dev.jar
[Architectury Transformer DEBUG] Preparing tiny remapper prepared transformer: dev.architectury.transformer.handler.TinyRemapperPreparedTransformerHandler
[Architectury Transformer DEBUG] Provided 88 classpath jar(s):
[Architectury Transformer DEBUG]  - C:\Users\Ray\.gradle\caches\fabric-loom\26.1\neoforge\26.1.0.1-beta\forge-universal.jar
[Architectury Transformer DEBUG]  - C:\Users\Ray\.gradle\caches\fabric-loom\26.1\neoforge\26.1.0.1-beta\client-extra.jar
[Architectury Transformer DEBUG]  - C:\Users\Ray\.gradle\caches\modules-2\files-2.1\dev.architectury\architectury-injectables\1.0.10\62db2a366d662606d1b23ad02ccc3212ed37ec3\architectury-injectables-1.0.10.jar
[Architectury Transformer DEBUG]  - C:\Users\Ray\.gradle\caches\modules-2\files-2.1\net.fabricmc\fabric-loader\0.18.5\ead70ea5aec413c7cf5bbfb0d42b883d08b3c2b9\fabric-loader-0.18.5.jar
[Architectury Transformer DEBUG]  - C:\Users\Ray\.gradle\caches\modules-2\files-2.1\org.jetbrains\annotations\26.0.2\c7ce3cdeda3d18909368dfe5977332dfad326c6d\annotations-26.0.2.jar
[Architectury Transformer DEBUG]  - C:\Users\Ray\.gradle\caches\modules-2\files-2.1\com.google.code.findbugs\jsr305\3.0.2\25ea2e8b0c338a877313bd4672d3fe056ea78f0d\jsr305-3.0.2.jar
[Architectury Transformer DEBUG]  - C:\Users\Ray\.gradle\caches\modules-2\files-2.1\net.neoforged.fancymodloader\earlydisplay\11.0.3\8c620a52ec9cd3296b13a453d6229ac2617a9a5e\earlydisplay-11.0.3.jar
[Architectury Transformer DEBUG]  - C:\Users\Ray\.gradle\caches\modules-2\files-2.1\net.neoforged.fancymodloader\loader\11.0.3\3f76babf6fa2bbeb3c8390ce0aad2f44f53cbe47\loader-11.0.3.jar
[Architectury Transformer DEBUG]  - C:\Users\Ray\.gradle\caches\modules-2\files-2.1\net.neoforged\accesstransformers\11.0.2\25dcb69c78b16669935f0ab91dff830ce192379d\accesstransformers-11.0.2.jar
[Architectury Transformer DEBUG]  - C:\Users\Ray\.gradle\caches\modules-2\files-2.1\net.fabricmc\sponge-mixin\0.16.5+mixin.0.8.7\80fc3a9f592673cea87f4cd702f87991c6c9fe4d\sponge-mixin-0.16.5+mixin.0.8.7.jar
[Architectury Transformer DEBUG]  - C:\Users\Ray\.gradle\caches\modules-2\files-2.1\org.ow2.asm\asm-commons\9.9.1\ab35de4c537184a09339069f1a3b3aacf2289149\asm-commons-9.9.1.jar
[Architectury Transformer DEBUG]  - C:\Users\Ray\.gradle\caches\modules-2\files-2.1\net.neoforged\mergetool\2.0.7\793b18456e92c4a7f66d9b5d8bf7a9c1c7a20b20\mergetool-2.0.7-api.jar
[Architectury Transformer DEBUG]  - C:\Users\Ray\.gradle\caches\modules-2\files-2.1\org.ow2.asm\asm-util\9.9.1\e51f5b0ae0b0c1960687ae970a2a3434d39d8abb\asm-util-9.9.1.jar
[Architectury Transformer DEBUG]  - C:\Users\Ray\.gradle\caches\modules-2\files-2.1\org.ow2.asm\asm-analysis\9.9.1\1ab8d9316ef7a67240087919a708246c37ed1660\asm-analysis-9.9.1.jar
[Architectury Transformer DEBUG]  - C:\Users\Ray\.gradle\caches\modules-2\files-2.1\org.ow2.asm\asm-tree\9.9.1\b6b1b3366296163b4b1f540731aad0a2baa484d8\asm-tree-9.9.1.jar
[Architectury Transformer DEBUG]  - C:\Users\Ray\.gradle\caches\modules-2\files-2.1\net.neoforged\bus\8.0.5\5b2d33285ab5d1554e9798ad98c40d6ea3868bd5\bus-8.0.5.jar
[Architectury Transformer DEBUG]  - C:\Users\Ray\.gradle\caches\modules-2\files-2.1\org.ow2.asm\asm\9.9.1\2ceea6ab43bcae1979b2a6d85fc0ca429877e5ab\asm-9.9.1.jar
[Architectury Transformer DEBUG]  - C:\Users\Ray\.gradle\caches\modules-2\files-2.1\com.electronwill.night-config\toml\3.8.3\90b2fd6efcb4a7d5b9810cf78f9d824994d717f2\toml-3.8.3.jar
[Architectury Transformer DEBUG]  - C:\Users\Ray\.gradle\caches\modules-2\files-2.1\com.electronwill.night-config\core\3.8.3\b442a95f09e349927f5a945ecb594455870fcf4f\core-3.8.3.jar
[Architectury Transformer DEBUG]  - C:\Users\Ray\.gradle\caches\modules-2\files-2.1\net.neoforged\JarJarSelector\0.5.0\64e4956b8dcdd6537eba96590f12fa1f3ba2f831\JarJarSelector-0.5.0.jar
[Architectury Transformer DEBUG]  - C:\Users\Ray\.gradle\caches\modules-2\files-2.1\net.neoforged\JarJarMetadata\0.5.0\6f03d0ac17102c33cb7384e42a2e22eda2a3ad8c\JarJarMetadata-0.5.0.jar
[Architectury Transformer DEBUG]  - C:\Users\Ray\.gradle\caches\modules-2\files-2.1\org.apache.maven\maven-artifact\3.9.9\a130ec431ef32e12a4424f9b074735bb58e15d2d\maven-artifact-3.9.9.jar
[Architectury Transformer DEBUG]  - C:\Users\Ray\.gradle\caches\modules-2\files-2.1\net.jodah\typetools\0.6.3\a01aaa6ddaea9ec07ec4f209487b7a46a526283a\typetools-0.6.3.jar
[Architectury Transformer DEBUG]  - C:\Users\Ray\.gradle\caches\modules-2\files-2.1\net.minecrell\terminalconsoleappender\1.3.0\b562e9bb61235c9520e26282cdee71f8f802d1fc\terminalconsoleappender-1.3.0.jar
[Architectury Transformer DEBUG]  - C:\Users\Ray\.gradle\caches\modules-2\files-2.1\io.github.llamalad7\mixinextras-neoforge\0.5.3\a0919957808de97707c5fb4ce073e66aeef3e187\mixinextras-neoforge-0.5.3.jar
[Architectury Transformer DEBUG]  - C:\Users\Ray\.gradle\caches\modules-2\files-2.1\net.sf.jopt-simple\jopt-simple\5.0.4\4fdac2fbe92dfad86aa6e9301736f6b4342a3f5c\jopt-simple-5.0.4.jar
[Architectury Transformer DEBUG]  - C:\Users\Ray\.gradle\caches\modules-2\files-2.1\net.neoforged.accesstransformers\at-parser\11.0.2\64aae57d6d26d69543c5275181fe6971707a4e16\at-parser-11.0.2.jar
[Architectury Transformer DEBUG]  - C:\Users\Ray\.gradle\caches\modules-2\files-2.1\com.mojang\logging\1.6.11\fd147240733010c158249d986323f9ef98977fe\logging-1.6.11.jar
[Architectury Transformer DEBUG]  - C:\Users\Ray\.gradle\caches\modules-2\files-2.1\org.apache.logging.log4j\log4j-slf4j2-impl\2.25.2\5eec0c392661dee8a366baec17e8896900dd978f\log4j-slf4j2-impl-2.25.2.jar
[Architectury Transformer DEBUG]  - C:\Users\Ray\.gradle\caches\modules-2\files-2.1\org.slf4j\slf4j-api\2.0.17\d9e58ac9c7779ba3bf8142aff6c830617a7fe60f\slf4j-api-2.0.17.jar
[Architectury Transformer DEBUG]  - C:\Users\Ray\.gradle\caches\modules-2\files-2.1\org.apache.logging.log4j\log4j-core\2.25.2\d4d0ad2e51e03e531f784891fbfff1bae1e13a12\log4j-core-2.25.2.jar
[Architectury Transformer DEBUG]  - C:\Users\Ray\.gradle\caches\modules-2\files-2.1\org.apache.logging.log4j\log4j-api\2.25.2\292c1a2b1702f1e1e3adb13e1c57e5bff60335ff\log4j-api-2.25.2.jar
[Architectury Transformer DEBUG]  - C:\Users\Ray\.gradle\caches\modules-2\files-2.1\org.jline\jline-reader\3.20.0\8f15415b022a25b473e8e16c28ae913186ffb9c4\jline-reader-3.20.0.jar
[Architectury Transformer DEBUG]  - C:\Users\Ray\.gradle\caches\modules-2\files-2.1\org.jline\jline-terminal\3.20.0\d0ddcc708ddf527a3454c941b7b9225cc83a15ff\jline-terminal-3.20.0.jar
[Architectury Transformer DEBUG]  - C:\Users\Ray\.gradle\caches\modules-2\files-2.1\commons-io\commons-io\2.20.0\36f3474daec2849c149e877614e7f979b2082cd2\commons-io-2.20.0.jar
[Architectury Transformer DEBUG]  - C:\Users\Ray\.gradle\caches\modules-2\files-2.1\org.lwjgl\lwjgl-tinyfd\3.4.1\562697d40dbd2ed0424bf24dcf65d51170f81adf\lwjgl-tinyfd-3.4.1.jar
[Architectury Transformer DEBUG]  - C:\Users\Ray\.gradle\caches\modules-2\files-2.1\org.lwjgl\lwjgl-glfw\3.4.1\a782b1ddd175c9107bf300fd92920579ea65e2a4\lwjgl-glfw-3.4.1.jar
[Architectury Transformer DEBUG]  - C:\Users\Ray\.gradle\caches\modules-2\files-2.1\org.lwjgl\lwjgl-opengl\3.4.1\830412cab823c029cda6b9729f9d2ed36cf79959\lwjgl-opengl-3.4.1.jar
[Architectury Transformer DEBUG]  - C:\Users\Ray\.gradle\caches\modules-2\files-2.1\org.lwjgl\lwjgl-stb\3.4.1\f077c3dafc31924fbe8acb0b913f08977ba27f8e\lwjgl-stb-3.4.1.jar
[Architectury Transformer DEBUG]  - C:\Users\Ray\.gradle\caches\modules-2\files-2.1\org.lwjgl\lwjgl\3.4.1\6105690714874b995aa7812e4f7732a21109276c\lwjgl-3.4.1.jar
[Architectury Transformer DEBUG]  - C:\Users\Ray\.gradle\caches\modules-2\files-2.1\net.neoforged\srgutils\1.0.10\abb471237b33b19f040ada00bfbad1ec45b949b6\srgutils-1.0.10.jar
[Architectury Transformer DEBUG]  - C:\Users\Ray\.gradle\caches\modules-2\files-2.1\com.google.guava\guava\33.5.0-jre\8699de25f2f979108d6c1b804a7ba38cda1116bc\guava-33.5.0-jre.jar
[Architectury Transformer DEBUG]  - C:\Users\Ray\.gradle\caches\modules-2\files-2.1\com.google.guava\failureaccess\1.0.3\aeaffd00d57023a2c947393ed251f0354f0985fc\failureaccess-1.0.3.jar
[Architectury Transformer DEBUG]  - C:\Users\Ray\.gradle\caches\modules-2\files-2.1\com.google.guava\listenablefuture\9999.0-empty-to-avoid-conflict-with-guava\b421526c5f297295adef1c886e5246c39d4ac629\listenablefuture-9999.0-empty-to-avoid-conflict-with-guava.jar
[Architectury Transformer DEBUG]  - C:\Users\Ray\.gradle\caches\modules-2\files-2.1\org.jspecify\jspecify\1.0.0\7425a601c1c7ec76645a78d22b8c6a627edee507\jspecify-1.0.0.jar
[Architectury Transformer DEBUG]  - C:\Users\Ray\.gradle\caches\modules-2\files-2.1\com.google.code.gson\gson\2.13.2\48b8230771e573b54ce6e867a9001e75977fe78e\gson-2.13.2.jar
[Architectury Transformer DEBUG]  - C:\Users\Ray\.gradle\caches\modules-2\files-2.1\com.google.errorprone\error_prone_annotations\2.41.0\4381275efdef6ddfae38f002c31e84cd001c97f0\error_prone_annotations-2.41.0.jar
[Architectury Transformer DEBUG]  - C:\Users\Ray\.gradle\caches\modules-2\files-2.1\com.google.j2objc\j2objc-annotations\3.1\a892ca9507839bbdb900d64310ac98256cab992f\j2objc-annotations-3.1.jar
[Architectury Transformer DEBUG]  - C:\Users\Ray\.gradle\caches\modules-2\files-2.1\org.codehaus.plexus\plexus-utils\3.5.1\c6bfb17c97ecc8863e88778ea301be742c62b06d\plexus-utils-3.5.1.jar
[Architectury Transformer DEBUG]  - C:\Users\Ray\.gradle\caches\modules-2\files-2.1\org.apache.commons\commons-lang3\3.19.0\d6524b169a6574cd253760c472d419b47bfd37e6\commons-lang3-3.19.0.jar
[Architectury Transformer DEBUG]  - C:\Users\Ray\.gradle\caches\modules-2\files-2.1\at.yawk.lz4\lz4-java\1.10.1\f541d7f910fe3d76f38f799c507c48cc81b12ecb\lz4-java-1.10.1.jar
[Architectury Transformer DEBUG]  - C:\Users\Ray\.gradle\caches\modules-2\files-2.1\com.azure\azure-json\1.4.0\fcc1d354dbc3e0300e5276b1bf124d0247799cd8\azure-json-1.4.0.jar
[Architectury Transformer DEBUG]  - C:\Users\Ray\.gradle\caches\modules-2\files-2.1\com.github.oshi\oshi-core\6.9.0\3224870731860cfcd7744581a05b559e94291e7\oshi-core-6.9.0.jar
[Architectury Transformer DEBUG]  - C:\Users\Ray\.gradle\caches\modules-2\files-2.1\com.ibm.icu\icu4j\77.1\38693cf0b1d7362a8b726af74dc06026a7c23809\icu4j-77.1.jar
[Architectury Transformer DEBUG]  - C:\Users\Ray\.gradle\caches\modules-2\files-2.1\com.microsoft.azure\msal4j\1.23.1\6c722b514873b24a4e1ce9c22dca36ea3c22bdbe\msal4j-1.23.1.jar
[Architectury Transformer DEBUG]  - C:\Users\Ray\.gradle\caches\modules-2\files-2.1\com.mojang\authlib\7.0.63\54895b4e25e8b9b4cbbbe25f24eccf2b71b1ac2b\authlib-7.0.63.jar
[Architectury Transformer DEBUG]  - C:\Users\Ray\.gradle\caches\modules-2\files-2.1\com.mojang\blocklist\1.0.10\5c685c5ffa94c4cd39496c7184c1d122e515ecef\blocklist-1.0.10.jar
[Architectury Transformer DEBUG]  - C:\Users\Ray\.gradle\caches\modules-2\files-2.1\com.mojang\brigadier\1.3.10\d15b53a14cf20fdcaa98f731af5dda654452c010\brigadier-1.3.10.jar
[Architectury Transformer DEBUG]  - C:\Users\Ray\.gradle\caches\modules-2\files-2.1\com.mojang\datafixerupper\9.0.19\4e91f9712fa1e83231d1501625381b0210a977da\datafixerupper-9.0.19.jar
[Architectury Transformer DEBUG]  - C:\Users\Ray\.gradle\caches\modules-2\files-2.1\com.mojang\jtracy\1.0.37\a3fb649b2e2b2288d2978f0b0bc3d83f62809d1e\jtracy-1.0.37.jar
[Architectury Transformer DEBUG]  - C:\Users\Ray\.gradle\caches\modules-2\files-2.1\com.mojang\patchy\2.2.10\da05971b07cbb379d002cf7eaec6a2048211fefc\patchy-2.2.10.jar
[Architectury Transformer DEBUG]  - C:\Users\Ray\.gradle\caches\modules-2\files-2.1\com.mojang\text2speech\1.18.11\e853a12cdd6ba4f4836e8f4bf3b37844a13482b6\text2speech-1.18.11.jar
[Architectury Transformer DEBUG]  - C:\Users\Ray\.gradle\caches\modules-2\files-2.1\commons-codec\commons-codec\1.19.0\8c0dbe3ae883fceda9b50a6c76e745e548073388\commons-codec-1.19.0.jar
[Architectury Transformer DEBUG]  - C:\Users\Ray\.gradle\caches\modules-2\files-2.1\io.netty\netty-buffer\4.2.7.Final\5555ff561643bf2f8430fb57c24403c0efe15994\netty-buffer-4.2.7.Final.jar
[Architectury Transformer DEBUG]  - C:\Users\Ray\.gradle\caches\modules-2\files-2.1\io.netty\netty-codec-base\4.2.7.Final\915e381ebabcf115f1c7ff7032d55c48afb50210\netty-codec-base-4.2.7.Final.jar
[Architectury Transformer DEBUG]  - C:\Users\Ray\.gradle\caches\modules-2\files-2.1\io.netty\netty-codec-compression\4.2.7.Final\572341bc1ca90fd9d6e47f1d2694aab5258566e9\netty-codec-compression-4.2.7.Final.jar
[Architectury Transformer DEBUG]  - C:\Users\Ray\.gradle\caches\modules-2\files-2.1\io.netty\netty-codec-http\4.2.7.Final\b734c108854099c421fd94d92d9f865e4d4da853\netty-codec-http-4.2.7.Final.jar
[Architectury Transformer DEBUG]  - C:\Users\Ray\.gradle\caches\modules-2\files-2.1\io.netty\netty-common\4.2.7.Final\11aa30df26af4fca3239ac1917f303a280f301e1\netty-common-4.2.7.Final.jar
[Architectury Transformer DEBUG]  - C:\Users\Ray\.gradle\caches\modules-2\files-2.1\io.netty\netty-handler\4.2.7.Final\7ad8a1f851e2e6fe93cdd091871fda2b81c03b5b\netty-handler-4.2.7.Final.jar
[Architectury Transformer DEBUG]  - C:\Users\Ray\.gradle\caches\modules-2\files-2.1\io.netty\netty-resolver\4.2.7.Final\5f3e5ef8de03992cd4fb46960dc0085ec1a12a12\netty-resolver-4.2.7.Final.jar
[Architectury Transformer DEBUG]  - C:\Users\Ray\.gradle\caches\modules-2\files-2.1\io.netty\netty-transport-classes-epoll\4.2.7.Final\1075c09f48a78eef9d819fbfd9096b903fdd362a\netty-transport-classes-epoll-4.2.7.Final.jar
[Architectury Transformer DEBUG]  - C:\Users\Ray\.gradle\caches\modules-2\files-2.1\io.netty\netty-transport-classes-kqueue\4.2.7.Final\bdec7c23c75caabd848426d073c09568e8d5f94e\netty-transport-classes-kqueue-4.2.7.Final.jar
[Architectury Transformer DEBUG]  - C:\Users\Ray\.gradle\caches\modules-2\files-2.1\io.netty\netty-transport-native-unix-common\4.2.7.Final\89953f04259ea7502cffb313630dd51e00e60669\netty-transport-native-unix-common-4.2.7.Final.jar
[Architectury Transformer DEBUG]  - C:\Users\Ray\.gradle\caches\modules-2\files-2.1\io.netty\netty-transport\4.2.7.Final\83ea548981d0d8c4a98027cc1a6f9624f902e142\netty-transport-4.2.7.Final.jar
[Architectury Transformer DEBUG]  - C:\Users\Ray\.gradle\caches\modules-2\files-2.1\it.unimi.dsi\fastutil\8.5.18\a6cff377eecc19c2037bf31568a6d7106b50ba1f\fastutil-8.5.18.jar
[Architectury Transformer DEBUG]  - C:\Users\Ray\.gradle\caches\modules-2\files-2.1\net.java.dev.jna\jna-platform\5.17.0\a4934c44d25a9d8c2ddf4203affd20330cb3426f\jna-platform-5.17.0.jar
[Architectury Transformer DEBUG]  - C:\Users\Ray\.gradle\caches\modules-2\files-2.1\net.java.dev.jna\jna\5.17.0\33d12735bef894440780fce64f9758d420c7bae2\jna-5.17.0.jar
[Architectury Transformer DEBUG]  - C:\Users\Ray\.gradle\caches\modules-2\files-2.1\org.apache.commons\commons-compress\1.28.0\e482f2c7a88dac3c497e96aa420b6a769f59c8d7\commons-compress-1.28.0.jar
[Architectury Transformer DEBUG]  - C:\Users\Ray\.gradle\caches\modules-2\files-2.1\org.jcraft\jorbis\0.0.17\8872d22b293e8f5d7d56ff92be966e6dc28ebdc6\jorbis-0.0.17.jar
[Architectury Transformer DEBUG]  - C:\Users\Ray\.gradle\caches\modules-2\files-2.1\org.joml\joml\1.10.8\fc0a71dad90a2cf41d82a76156a0e700af8e4f8d\joml-1.10.8.jar
[Architectury Transformer DEBUG]  - C:\Users\Ray\.gradle\caches\modules-2\files-2.1\org.lwjgl\lwjgl-freetype\3.4.1\caa75a37e857efc9b0686e434d708d6420c5b6ea\lwjgl-freetype-3.4.1.jar
[Architectury Transformer DEBUG]  - C:\Users\Ray\.gradle\caches\modules-2\files-2.1\org.lwjgl\lwjgl-jemalloc\3.4.1\16b663092854fc6adfe0a941e61cae2bb2e437b6\lwjgl-jemalloc-3.4.1.jar
[Architectury Transformer DEBUG]  - C:\Users\Ray\.gradle\caches\modules-2\files-2.1\org.lwjgl\lwjgl-openal\3.4.1\8508bd60589de0539aa465b78fcf838efd07ae9a\lwjgl-openal-3.4.1.jar
[Architectury Transformer DEBUG]  - C:\Users\Ray\.gradle\caches\fabric-loom\minecraftMaven\net\minecraft\neoforge-26.1.0.1-beta-minecraft-merged-deobf\26.1\neoforge-26.1.0.1-beta-minecraft-merged-deobf-26.1.jar
[Architectury Transformer DEBUG]  - C:\Users\Ray\.gradle\caches\modules-2\files-2.1\io.netty\netty-transport-native-epoll\4.2.7.Final\e83998bfc10b5289d9bcbe807c4079ef0eed8e6f\netty-transport-native-epoll-4.2.7.Final-linux-x86_64.jar
[Architectury Transformer DEBUG]  - C:\Users\Ray\.gradle\caches\modules-2\files-2.1\io.netty\netty-transport-native-epoll\4.2.7.Final\98d02251c98c8f07a23ac5ea27657d9e0ef57614\netty-transport-native-epoll-4.2.7.Final-linux-aarch_64.jar
[Architectury Transformer DEBUG]  - C:\Users\Ray\.gradle\caches\modules-2\files-2.1\io.netty\netty-transport-native-kqueue\4.2.7.Final\40868fd4e43bce2798245f790624b58803dc26b6\netty-transport-native-kqueue-4.2.7.Final-osx-x86_64.jar
[Architectury Transformer DEBUG]  - C:\Users\Ray\.gradle\caches\modules-2\files-2.1\io.netty\netty-transport-native-kqueue\4.2.7.Final\e5a0feef41410c8a5ae00c6cb4e0c99bd0aded6a\netty-transport-native-kqueue-4.2.7.Final-osx-aarch_64.jar
[Architectury Transformer] Read classpath in 1.777 s
[Architectury Transformer DEBUG] Closed File Systems for C:\Users\Ray\Documents\MC Mod Development\Optimized Fullbright\Source\optimized_fullbright-1.20.4-fabric-neoforge-forge-template\common\build\libs\optimized_fullbright-common-1.3.0-dev.jar
[Architectury Transformer DEBUG] Transforming 6 transformer(s) from C:\Users\Ray\Documents\MC Mod Development\Optimized Fullbright\Source\optimized_fullbright-1.20.4-fabric-neoforge-forge-template\common\build\libs\optimized_fullbright-common-1.3.0-dev.jar to C:\Users\Ray\AppData\Local\Temp\4171952042359499457.jar: 
[Architectury Transformer DEBUG]  - dev.architectury.transformer.transformers.TransformExpectPlatform@72b6cbcc
[Architectury Transformer DEBUG]  - dev.architectury.transformer.transformers.RemapInjectables@a7e666
[Architectury Transformer DEBUG]  - dev.architectury.transformer.transformers.TransformPlatformOnly@68bbe345
[Architectury Transformer DEBUG]  - dev.architectury.transformer.transformers.TransformNeoForgeAnnotations@30b8a058
[Architectury Transformer DEBUG]  - dev.architectury.transformer.transformers.TransformNeoForgeEnvironment@7494e528
[Architectury Transformer DEBUG]  - dev.architectury.transformer.transformers.GenerateFakeNeoForgeMod@4bbfb90a
[Architectury Transformer DEBUG] Transforming from C:\Users\Ray\Documents\MC Mod Development\Optimized Fullbright\Source\optimized_fullbright-1.20.4-fabric-neoforge-forge-template\common\build\libs\optimized_fullbright-common-1.3.0-dev.jar to C:\Users\Ray\AppData\Local\Temp\4171952042359499457.jar with 6 transformer(s) on dev.architectury.transformer.handler.SimpleTransformerHandler
[Architectury Transformer DEBUG] Remapping with 1 mapping provider(s):
[Architectury Transformer DEBUG]  - dev.architectury.transformer.transformers.TransformNeoForgeEnvironment$$Lambda/0x000000009806c498@1f554b06
[Architectury Transformer DEBUG] Remapping Classes:
[Architectury Transformer DEBUG] net/fabricmc/api/EnvType -> net/neoforged/api/distmarker/Dist
[Architectury Transformer DEBUG] net/fabricmc/api/Environment -> net/neoforged/api/distmarker/OnlyIn
[Architectury Transformer DEBUG] Found class transformer
[Architectury Transformer DEBUG] Writing net/ray/fullbright/FullBrightToggle with maxs=true frames=true
[Architectury Transformer DEBUG] Writing net/ray/fullbright/ThreadChecker with maxs=true frames=true
[Architectury Transformer DEBUG] Writing net/ray/fullbright/config/ModConfig with maxs=true frames=true
[Architectury Transformer DEBUG] Writing net/ray/fullbright/mixin/WorldRendererMixin with maxs=true frames=true
[Architectury Transformer DEBUG] Writing net/ray/fullbright/mixin/BlockLightMixin with maxs=true frames=true
[Architectury Transformer DEBUG] Writing net/ray/fullbright/mixin/LightMixin with maxs=true frames=true
[Architectury Transformer DEBUG] Writing net/ray/fullbright/mixin/LightLevelEngineMixin with maxs=true frames=true
[Architectury Transformer DEBUG] Writing net/ray/fullbright/mixin/LightmapMixin with maxs=true frames=true
[Architectury Transformer DEBUG] Writing net/ray/fullbright/mixin/GammaMixin with maxs=true frames=true
[Architectury Transformer DEBUG] Writing net/ray/fullbright/mixin/BypassLimitMixin with maxs=true frames=true
[Architectury Transformer DEBUG] Writing net/ray/fullbright/mixin/BlockTintGetterMixin with maxs=true frames=true
[Architectury Transformer DEBUG] Closed File Systems for C:\Users\Ray\AppData\Local\Temp\4171952042359499457.jar
[Architectury Transformer] Listening at C:\Users\Ray\Documents\MC Mod Development\Optimized Fullbright\Source\optimized_fullbright-1.20.4-fabric-neoforge-forge-template\common\build\libs\optimized_fullbright-common-1.3.0-dev.jar
[Architectury Transformer DEBUG] Temporary jar [C:\Users\Ray\AppData\Local\Temp\4171952042359499457.jar] contains packages: net.ray.fullbright, net.ray.fullbright.config, net.ray.fullbright.mixin
[Architectury Transformer DEBUG] Closed File Systems for C:\Users\Ray\Documents\MC Mod Development\Optimized Fullbright\Source\optimized_fullbright-1.20.4-fabric-neoforge-forge-template\common\build\libs\optimized_fullbright-common-1.3.0-dev.jar
[Architectury Transformer DEBUG] Classpath entry [C:\Users\Ray\Documents\MC Mod Development\Optimized Fullbright\Source\optimized_fullbright-1.20.4-fabric-neoforge-forge-template\neoforge\build\classes\java\main] contains packages: net.ray.fullbright.neoforge
[Architectury Transformer DEBUG] Classpath entry [C:\Users\Ray\Documents\MC Mod Development\Optimized Fullbright\Source\optimized_fullbright-1.20.4-fabric-neoforge-forge-template\neoforge\build\resources\main] contains packages: 
[Architectury Transformer DEBUG] Transforming from net/ray/fullbright/config/ModConfig.class to net/ray/fullbright/config/ModConfig.class with 6 transformer(s) on dev.architectury.transformer.handler.TinyRemapperPreparedTransformerHandler
[Architectury Transformer DEBUG] Remapping with 1 mapping provider(s):
[Architectury Transformer DEBUG]  - dev.architectury.transformer.transformers.TransformNeoForgeEnvironment$$Lambda/0x000000009806c498@1f554b06
[Architectury Transformer DEBUG] Remapping with Dirty Mappings...
[Architectury Transformer DEBUG] Remapping Classes:
[Architectury Transformer DEBUG] net/fabricmc/api/EnvType -> net/neoforged/api/distmarker/Dist
[Architectury Transformer DEBUG] net/fabricmc/api/Environment -> net/neoforged/api/distmarker/OnlyIn
[Architectury Transformer DEBUG] Found class transformer
[Architectury Transformer DEBUG] Writing net/ray/fullbright/config/ModConfig with maxs=true frames=true
[Architectury Transformer DEBUG] Transformed net/ray/fullbright/config/ModConfig in 79.74 ms
[Architectury Transformer DEBUG] Transforming from net/ray/fullbright/FullBrightToggle.class to net/ray/fullbright/FullBrightToggle.class with 6 transformer(s) on dev.architectury.transformer.handler.TinyRemapperPreparedTransformerHandler
[Architectury Transformer DEBUG] Remapping with 1 mapping provider(s):
[Architectury Transformer DEBUG]  - dev.architectury.transformer.transformers.TransformNeoForgeEnvironment$$Lambda/0x000000009806c498@1f554b06
[Architectury Transformer DEBUG] Remapping Classes:
[Architectury Transformer DEBUG] net/fabricmc/api/EnvType -> net/neoforged/api/distmarker/Dist
[Architectury Transformer DEBUG] net/fabricmc/api/Environment -> net/neoforged/api/distmarker/OnlyIn
[Architectury Transformer DEBUG] Found class transformer
[Architectury Transformer DEBUG] Writing net/ray/fullbright/FullBrightToggle with maxs=true frames=true
[Architectury Transformer DEBUG] Transformed net/ray/fullbright/FullBrightToggle in 39.24 ms
[Architectury Transformer DEBUG] Transforming from net/ray/fullbright/ThreadChecker.class to net/ray/fullbright/ThreadChecker.class with 6 transformer(s) on dev.architectury.transformer.handler.TinyRemapperPreparedTransformerHandler
[Architectury Transformer DEBUG] Remapping with 1 mapping provider(s):
[Architectury Transformer DEBUG]  - dev.architectury.transformer.transformers.TransformNeoForgeEnvironment$$Lambda/0x000000009806c498@1f554b06
[Architectury Transformer DEBUG] Remapping Classes:
[Architectury Transformer DEBUG] net/fabricmc/api/EnvType -> net/neoforged/api/distmarker/Dist
[Architectury Transformer DEBUG] net/fabricmc/api/Environment -> net/neoforged/api/distmarker/OnlyIn
[Architectury Transformer DEBUG] Found class transformer
[Architectury Transformer DEBUG] Writing net/ray/fullbright/ThreadChecker with maxs=true frames=true
[Architectury Transformer DEBUG] Transformed net/ray/fullbright/ThreadChecker in 37.26 ms
